ExpansionTraderBoris.Clothing|10743.4 349.907 5680.41|-160.908 0 -0|SurgicalMask,FlatCap_BlackCheck,DressShoes_Brown,CivilianBelt,SlacksPants_Blue,ManSuit_Blue
ExpansionTraderKaito.Clothing_Accessories|10742.1 349.907 5680.71|-160.908 0 -0|QuiltedJacket_Violet,Breeches_Beetcheck,SurgicalGloves_White,ThinFramesGlasses,BaseballCap_Pink,JoggingShoes_Violet,TaloonBag_Violet,Armband_Pink
ExpansionTraderLewis.Consumables|10741.2 349.907 5681|-160.816 0 -0|CargoPants_Black,Shirt_BlueCheckBright,SurgicalGloves_Blue,BaseballCap_Blue,AthleticShoes_Blue,CivilianBelt,DryBag_Blue
ExpansionTraderRolf.Weapons|10740.3 349.907 5681.29|-160.825488 0.000000 -0.000000|HunterPants_Spring,HuntingJacket_Summer,Balaclava3Holes_Black,CowboyHat_black,CombatBoots_Green,MilitaryBelt,HuntingBag,Armband_Black
ExpansionTraderGabi.Attachments|10739.6 349.907 5681.53|-104.791 0 -0|CargoPants_Green,M65Jacket_Khaki,UKAssVest_Black,WorkingGloves_Black,AviatorGlasses,PilotkaCap,TTSKOBoots,AssaultBag_Black
ExpansionTraderFrida.Vehicles|10726.8 349.905 5653.89|-12.7381 -0 0|SurgicalMask,WorkingBoots_Brown,BaseballCap_Beige,ReflexVest,QuiltedJacket_Grey,CargoPants_Grey
ExpansionTraderBaty.Components|10739.8 349.907 5682.41|-70.2904 -0 0|ParamedicJacket_Blue,ParamedicPants_Blue,PoliceVest,NioshFaceMask,NBCGlovesGray,FlatCap_Blue,HikingBootsLow_Blue,MountainBag_Blue
ExpansionTraderGuo.Medicals|10740.1 349.907 5683.28|-70.4991 -0 0|MilitaryBoots_Black,ParamedicPants_Crimson,SurgicalMask,SurgicalGloves_Green,ParamedicJacket_Crimson,ParamedicPants_Blue,MountainBag_Red
ExpansionTraderSeth.Vehicle_Parts|10723.8 349.905 5656.25|120.82 0 -0|SurgicalMask,WorkingBoots_Brown,BaseballCap_Beige,ReflexVest,QuiltedJacket_Grey,CargoPants_Grey
ExpansionTraderJudy.Spraycans|10728.3 349.905 5653.2|2.13495 0 -0|TrackSuitPants_Red,TrackSuitJacket_Red,MilitaryBoots_Redpunk,BeanieHat_Red,NioshFaceMask,ChildBag_Red
ExpansionTraderJose.Special|10711.6 350.505 5681.47|88.7422 0 -0|SurgicalMask,MilitaryBoots_Redpunk,SportGlasses_Orange,UKAssVest_Black,BomberJacket_Maroon,CargoPants_Black,RadarCap_Red
ExpansionTraderCyril.BuildingSupplies|10734.9 349.905 5652.92|-49.8217 -0 0|ParamedicJacket_Blue,ParamedicPants_Blue,PoliceVest,NioshFaceMask,NBCGlovesGray,FlatCap_Blue,HikingBootsLow_Blue,MountainBag_Blue
ExpansionTraderEva.Aircraft|10712.7 350.505 5678.42|-140.569 -0 -0|GorkaHelmetComplete,GorkaEJacket_Flat,GorkaPants_Flat,HikingBoots_Black