ExpansionTraderMirek.Clothing|3692.940674 402.100006 5981.300781|70.482094 0.000000 0.000000|ExpansionShemag,FlatCap_BlackCheck,DressShoes_Brown,CivilianBelt,SlacksPants_Blue,ManSuit_Blue,
ExpansionTraderMaria.Clothing_Accessories|3692.281250 402.100006 5983.252930|72.855293 0.000000 0.000000|ExpansionShemag,QuiltedJacket_Violet,Breeches_Beetcheck,SurgicalGloves_White,ThinFramesGlasses,BaseballCap_Pink,JoggingShoes_Violet,TaloonBag_Violet,Armband_Pink,
ExpansionTraderLinda.Consumables|3698.296631 402.099976 5970.641113|158.165817 0.000000 0.000000|ExpansionShemag,CargoPants_Black,Shirt_BlueCheckBright,SurgicalGloves_Blue,BaseballCap_Blue,AthleticShoes_Blue,CivilianBelt,DryBag_Blue,
ExpansionTraderRolf.Vehicles|3760.487549 403.401489 6036.438965|-109.063316 0.000000 -0.000000|ExpansionShemag,WorkingBoots_Brown,BaseballCap_Beige,ReflexVest,QuiltedJacket_Grey,CargoPants_Grey,
ExpansionTraderPeter.Components|3698.983154 402.100006 5973.693848|68.355392 0.000000 0.000000|ExpansionShemag,ParamedicJacket_Blue,ParamedicPants_Blue,PoliceVest,NBCGlovesGray,FlatCap_Blue,HikingBootsLow_Blue,MountainBag_Blue,
ExpansionTraderJudy.Medicals|3699.772217 402.100006 5971.898438|69.428551 0.000000 0.000000|ExpansionShemag,MilitaryBoots_Black,ParamedicPants_Crimson,SurgicalGloves_Green,ParamedicJacket_Crimson,
ExpansionTraderNaomi.Vehicle_Parts|3759.528809 403.364777 6040.236328|-152.845291 0.000000 0.000000|ExpansionShemag,WorkingBoots_Brown,BaseballCap_Beige,ReflexVest,QuiltedJacket_Grey,CargoPants_Grey,
ExpansionTraderJose.Spraycans|3758.405273 403.401489 6040.729004|-169.792953 0.000000 -0.000000|ExpansionShemag,TrackSuitPants_Red,TrackSuitJacket_Red,MilitaryBoots_Redpunk,BeanieHat_Red,ChildBag_Red,
ExpansionTraderOliver.Special|3692.350830 402.099976 5968.415527|160.485764 0.000000 0.000000|ExpansionShemag,MilitaryBoots_Redpunk,SportGlasses_Orange,UKAssVest_Black,BomberJacket_Maroon,CargoPants_Black,RadarCap_Red,
ExpansionTraderJudy.Aircraft|3763.270020 403.462006 6034.169922|-102.640999 0.000000 -0.000000|ExpansionShemag,GorkaEJacket_Flat,GorkaPants_Flat,HikingBoots_Black,