ExpansionTraderBoris.Clothing|14160.2 195.418 15272.1|15.457 0 -0|FlatCap_BlackCheck,DressShoes_Brown,CivilianBelt,SlacksPants_Blue,ManSuit_Blue,
ExpansionTraderFrida.Clothing_Accessories|14159.1 195.418 15272.5|12.5827 0 -0|FlatCap_BlackCheck,DressShoes_Brown,CivilianBelt,SlacksPants_Blue,ManSuit_Blue,
ExpansionTraderGabi.Consumables|14154.3 195.418 15273.9|11.8653 0 -0|NBCGlovesGray,Sneakers_Gray,Sweater_Gray,Breeches_Pink,
ExpansionTraderIndar.Components|14156.9 195.418 15273.1|26.2757 0 -0|WorkingGloves_Black,WorkingBoots_Yellow,WoolCoat_RedCheck,FlatCap_Black,Jeans_Blue,
ExpansionTraderIrena.Medicals|14158.6 195.834 15295.2|126.351 0 -0|MilitaryBoots_Black,ParamedicPants_Crimson,SurgicalGloves_Green,ParamedicJacket_Crimson,
ExpansionTraderKaito.Spraycans|14191.5 195.656 15294.2|3.5441 0 -0|TrackSuitPants_Red,TrackSuitJacket_Red,MilitaryBoots_Redpunk,BeanieHat_Red,ChildBag_Red,
ExpansionTraderNiki.Weapons|14162.6 195.418 15273.4|-71.5791 -0 0|JungleBoots_Green,TacticalShirt_Olive,BallisticHelmet_Green,OMNOGloves_Gray,Armband_Refuge,BDUPants,
ExpansionTraderRolf.Hunting|14163.8 195.418 15277.2|-69.9919 -0 0|HuntingJacket_Autumn,HikingBoots_Black,HunterPants_Autumn,BeanieHat_Green,