ExpansionTraderBoris.Clothing|14160.2 195.418 15272.1|15.457 0 -0|FlatCap_BlackCheck,DressShoes_Brown,CivilianBelt,SlacksPants_Blue,ManSuit_Blue,
ExpansionTraderFrida.Clothing_Accessories|14159.1 195.418 15272.5|12.5827 0 -0|FlatCap_BlackCheck,DressShoes_Brown,CivilianBelt,SlacksPants_Blue,ManSuit_Blue,
ExpansionTraderGabi.Consumables|14154.3 195.418 15273.9|11.8653 0 -0|NBCGlovesGray,Sneakers_Gray,Sweater_Gray,Breeches_Pink,
ExpansionTraderHassan.Vehicles|14197.3 195.603 15296.5|-148.691 0 -0|WorkingBoots_Brown,BaseballCap_Beige,ReflexVest,QuiltedJacket_Grey,CargoPants_Grey,
ExpansionTraderIndar.Components|14156.9 195.418 15273.1|26.2757 0 -0|WorkingGloves_Black,WorkingBoots_Yellow,WoolCoat_RedCheck,FlatCap_Black,Jeans_Blue,
ExpansionTraderIrena.Medicals|14158.6 195.834 15295.2|126.351 0 -0|MilitaryBoots_Black,ParamedicPants_Crimson,SurgicalGloves_Green,ParamedicJacket_Crimson,
ExpansionTraderJudy.Vehicle_Parts|14194.9 195.603 15293.3|117.249 0 -0|WorkingBoots_Brown,BaseballCap_Beige,ReflexVest,QuiltedJacket_Grey,CargoPants_Grey,
ExpansionTraderKaito.Spraycans|14191.5 195.656 15294.2|3.5441 0 -0|TrackSuitPants_Red,TrackSuitJacket_Red,MilitaryBoots_Redpunk,BeanieHat_Red,ChildBag_Red,
ExpansionTraderLewis.Herbal|14188.2 203.006 15292.3|-26.1674 -0 0|Armband_Green,QuiltedJacket_Yellow,Jeans_Blue,BeanieHat_Red,Sneakers_Red,
ExpansionTraderNiki.Weapons|14162.6 195.418 15273.4|-71.5791 -0 0|JungleBoots_Green,TacticalShirt_Olive,BallisticHelmet_Green,OMNOGloves_Gray,Armband_Refuge,BDUPants,
ExpansionTraderOliver.Special|14162.9 195.418 15274.5|-74.6175 -0 0|TortillaBag,LeatherBelt_Brown,Sweater_Green,BaseballCap_Olive,LeatherGloves_Black,CombatBoots_Black,HunterPants_Summer,PlateCarrierVest_Green,
ExpansionTraderEva.Aircraft|14195.2 195.603 15295.9|108.562 0 -0|GorkaEJacket_Flat,GorkaPants_Flat,HikingBoots_Black,
ExpansionTraderRolf.Hunting|14163.8 195.418 15277.2|-69.9919 -0 0|HuntingJacket_Autumn,HikingBoots_Black,HunterPants_Autumn,BeanieHat_Green,